<?xml version="1.0" encoding="UTF-8"?><mappingRoot xmlns="http://www.ibm.com/2008/ccl/Mapping" domainID="com.ibm.msl.mapping.xml" domainIDExtension="mb" mainMap="true" targetNamespace="default" version="8.0.5.0" xmlns:map="default">
    <input path="/RIS_ORMIN_SpecificMessageSet/co/org/fsfb/hisormintable/impl/HIS_ORMInTable.mxsd"/>
    <output path="mbsharedlib://HL7-2.7/FSFB_HL7.xsd"/>
    <imports>
        <import kind="esql" namespace="/UTILS/mapping.esql"/>
    </imports>
    <namespaces>
        <namespace kind="supplement" prefix="in" uri="http://co/org/fsfb/HIS_ORMInTable/impl"/>
        <namespace kind="supplement" prefix="out" uri="urn:hl7-org:v2xml"/>
        <namespace kind="extension" prefix="fn" uri="http://www.w3.org/2005/xpath-functions"/>
        <namespace kind="extension" prefix="mapping" uri="/UTILS/mapping.esql"/>
    </namespaces>
    <generation engine="xquery"/>
    <mappingDeclaration name="ormin_FT1_RIS_ORM_IN_RIS">
        <input namespace="http://co/org/fsfb/HIS_ORMInTable/impl" path="mb:msg(ORM_IN_FT1,assembly,,Properties)" var="ComIbmMessageAssembly_ORM_IN_FT1"/>
        <output namespace="urn:hl7-org:v2xml" path="mb:msg(O01,assembly,DFDL,Properties)" var="ComIbmMessageAssembly_O01"/>
        <move>
            <input path="$ComIbmMessageAssembly_ORM_IN_FT1/Properties"/>
            <output path="$ComIbmMessageAssembly_O01/Properties"/>
            <override>
                <assign value="{HL7-2.7}">
                    <output path="$ComIbmMessageAssembly_O01/Properties/MessageSet"/>
                </assign>
                <assign value="{urn:hl7-org:v2xml}:O01">
                    <output path="$ComIbmMessageAssembly_O01/Properties/MessageType"/>
                </assign>
            </override>
        </move>
        <local>
            <input path="$ComIbmMessageAssembly_ORM_IN_FT1/ORM_IN_FT1" var="ORM_IN_FT11"/>
            <output path="$ComIbmMessageAssembly_O01/O01/MSH"/>
            <assign value="|">
                <output path="MSH.1.FieldSeparator"/>
            </assign>
            <assign value="^">
                <output path="MSH.2.ServiceString/ComponentSeparator"/>
            </assign>
            <assign value="~">
                <output path="MSH.2.ServiceString/RepeatSeparator"/>
            </assign>
            <assign value="\">
                <output path="MSH.2.ServiceString/EscapeCharacter"/>
            </assign>
            <assign value="&amp;">
                <output path="MSH.2.ServiceString/SubComponentSeparator"/>
            </assign>
            <assign value="HI_ORM_IN">
                <output path="MSH.3.SendingApplication/HD.1"/>
            </assign>
            <assign value="AGFA Healthcare Colombia">
                <output path="MSH.5.ReceivingApplication/HD.1"/>
            </assign>
            <customFunction lang="esql" ref="mapping:CurrentTimestampHL7">
                <output path="MSH.7.DateTimeOfMessage"/>
            </customFunction>
            <assign value="ORM">
                <output path="MSH.9.MessageType/MSG.1"/>
            </assign>
            <assign value="O01">
                <output path="MSH.9.MessageType/MSG.2"/>
            </assign>
            <assign>
                <output path="MSH.9.MessageType/MSG.3"/>
            </assign>
            <assign value="2.4">
                <output path="MSH.12.VersionID/VID.1"/>
            </assign>
            <assign value="CO">
                <output path="MSH.17.CountryCode"/>
            </assign>
            <assign value="8859/1">
                <output path="MSH.18.CharacterSet"/>
            </assign>
            <assign>
                <output path="MSH.11.ProcessingID/PT.1"/>
            </assign>
            <function ref="normalize">
                <input path="$ORM_IN_FT11/MSH_DFT_ID" var="MSH_DFT_ID1"/>
                <output path="MSH.10.MessageControlID"/>
                <param name="input" value="$MSH_DFT_ID1"/>
            </function>
        </local>
        <local>
            <input path="$ComIbmMessageAssembly_ORM_IN_FT1/ORM_IN_FT1"/>
            <output path="$ComIbmMessageAssembly_O01/O01/PID_LOOP"/>
            <local>
                <input path="."/>
                <output path="PID"/>
                <function ref="normalize">
                    <input path="PID_ID" var="PID_ID"/>
                    <output path="PID.2.PatientID/CX.1"/>
                    <param name="input" value="$PID_ID"/>
                </function>
                <function ref="normalize">
                    <input path="PID_ID2" var="PID_ID2"/>
                    <output path="PID.3.PatientIdentifierList/CX.1"/>
                    <param name="input" value="$PID_ID2"/>
                </function>
                <function ref="normalize">
                    <input path="PID_03_INFO" var="PID_03_INFO"/>
                    <output path="PID.4.AlternatePatientIDPID/CX.1"/>
                    <param name="input" value="$PID_03_INFO"/>
                </function>
                <function ref="normalize">
                    <input path="PID_05_FNAME" var="PID_05_FNAME1"/>
                    <output path="PID.5.PatientName/XPN.1/FN.1"/>
                    <param name="input" value="$PID_05_FNAME1"/>
                </function>
            </local>
            <local>
                <input path="."/>
                <output path="PV1_LOOP/PV1"/>
                <assign value="1">
                    <output path="PV1.1.SetIDPV1"/>
                </assign>
                <assign value="O">
                    <output path="PV1.2.PatientClass/CWE.1"/>
                </assign>
                <function ref="normalize">
                    <input path="FT1_18_P_TYPE" var="FT1_18_P_TYPE"/>
                    <output path="PV1.18.PatientType/CWE.1"/>
                    <param name="input" value="$FT1_18_P_TYPE"/>
                </function>
                <function ref="normalize">
                    <input path="PV1_19_VISITNR" var="PV1_19_VISITNR"/>
                    <output path="PV1.19.VisitNumber/CX.1"/>
                    <param name="input" value="$PV1_19_VISITNR"/>
                </function>
            </local>
        </local>
        <local>
            <input path="$ComIbmMessageAssembly_ORM_IN_FT1/ORM_IN_FT1" var="ORM_IN_FT1"/>
            <output path="$ComIbmMessageAssembly_O01/O01/ORC_LOOP"/>
            <function ref="normalize">
                <input path="$ORM_IN_FT1/OBR_04_EXAM_CODE" var="OBR_04_EXAM_CODE"/>
                <output path="OrderDetail_LOOP/Order/OBR/OBR.4.UniversalServiceIdentifier/CWE.1"/>
                <param name="input" value="$OBR_04_EXAM_CODE"/>
            </function>
            <function ref="normalize">
                <input path="$ORM_IN_FT1/OBR_04_EXAM_DESC" var="OBR_04_EXAM_DESC"/>
                <output path="OrderDetail_LOOP/Order/OBR/OBR.4.UniversalServiceIdentifier/CWE.2"/>
                <param name="input" value="$OBR_04_EXAM_DESC"/>
            </function>
            <assign value="XX">
                <output path="ORC/ORC.1.OrderControl"/>
            </assign>
            <function ref="normalize">
                <input path="$ORM_IN_FT1/FT1_26_ACC_NUMBER" var="FT1_26_ACC_NUMBER"/>
                <output path="ORC/ORC.2.PlacerOrderNumber/EI.1"/>
                <param name="input" value="$FT1_26_ACC_NUMBER"/>
            </function>
            <function ref="normalize">
                <input path="$ORM_IN_FT1/FT1_03_BATCH_ID" var="FT1_03_BATCH_ID"/>
                <output path="ORC/ORC.4.PlacerGroupNumber/EI.1"/>
                <param name="input" value="$FT1_03_BATCH_ID"/>
            </function>
            <function ref="normalize">
                <input path="$ORM_IN_FT1/OBR_32_RAD_ID" var="OBR_32_RAD_ID"/>
                <output path="ORC/ORC.10.EnteredBy/XCN.1"/>
                <param name="input" value="$OBR_32_RAD_ID"/>
            </function>
            <customFunction lang="esql" ref="mapping:DTFormat">
                <input path="$ORM_IN_FT1/FT1_04_PROCEDURE_DATE" var="FT1_04_PROCEDURE_DATE1"/>
                <output path="ORC/ORC.7.QuantityTiming/TQ.4/TS.1"/>
                <param name="FECHA" value="$FT1_04_PROCEDURE_DATE1"/>
            </customFunction>
            <assign value="VALORIZADO">
                <output path="ORC/ORC.25.OrderStatusModifier/CWE.1"/>
            </assign>
            <assign value="1">
                <output path="OrderDetail_LOOP/Order/OBR/OBR.1.SetIDOBR"/>
            </assign>
            <function ref="normalize">
                <input path="$ORM_IN_FT1/FT1_26_ACC_NUMBER" var="FT1_26_ACC_NUMBER1"/>
                <output path="OrderDetail_LOOP/Order/OBR/OBR.18.PlacerField1"/>
                <param name="input" value="$FT1_26_ACC_NUMBER1"/>
            </function>
        </local>
    </mappingDeclaration>
</mappingRoot>