<?xml version="1.0" encoding="UTF-8"?><mappingRoot xmlns="http://www.ibm.com/2008/ccl/Mapping" domainID="com.ibm.msl.mapping.xml" domainIDExtension="mb" mainMap="true" targetNamespace="default" version="8.0.5.0" xmlns:map="default">
    <input path="/RIS_MFN_SpecificMessageSet/xe/admsalud/XE_RIS_ORM_MFN_IN.mxsd"/>
    <output path="mbsharedlib://HL7-2.7/FSFB_HL7.xsd"/>
    <imports>
        <import kind="esql" namespace="/UTILS/mapping.esql"/>
    </imports>
    <namespaces>
        <namespace kind="supplement" prefix="in" uri="http://xe/admsalud"/>
        <namespace kind="supplement" prefix="out" uri="urn:hl7-org:v2xml"/>
        <namespace kind="extension" prefix="fn" uri="http://www.w3.org/2005/xpath-functions"/>
        <namespace kind="extension" prefix="mapping" uri="/UTILS/mapping.esql"/>
    </namespaces>
    <generation engine="xquery"/>
    <mappingDeclaration name="mnf_RIS_mnf_RIS">
        <input namespace="http://xe/admsalud" path="mb:msg(AGFA_MFN,assembly,,Properties)" var="ComIbmMessageAssembly_AGFA_MFN"/>
        <output namespace="urn:hl7-org:v2xml" path="mb:msg(INRISMFN,assembly,DFDL,Properties)" var="ComIbmMessageAssembly_INRISMFN"/>
        <move>
            <input path="$ComIbmMessageAssembly_AGFA_MFN/Properties"/>
            <output path="$ComIbmMessageAssembly_INRISMFN/Properties"/>
            <override>
                <assign value="{HL7-2.7}">
                    <output path="$ComIbmMessageAssembly_INRISMFN/Properties/MessageSet"/>
                </assign>
                <assign value="{urn:hl7-org:v2xml}:INRISMFN">
                    <output path="$ComIbmMessageAssembly_INRISMFN/Properties/MessageType"/>
                </assign>
            </override>
        </move>
        <local>
            <input path="$ComIbmMessageAssembly_AGFA_MFN/AGFA_MFN"/>
            <output path="$ComIbmMessageAssembly_INRISMFN/INRISMFN/MSH"/>
            <assign value="|">
                <output path="MSH.1.FieldSeparator"/>
            </assign>
            <assign value="^">
                <output path="MSH.2.ServiceString/ComponentSeparator"/>
            </assign>
            <assign value="~">
                <output path="MSH.2.ServiceString/RepeatSeparator"/>
            </assign>
            <assign value="\">
                <output path="MSH.2.ServiceString/EscapeCharacter"/>
            </assign>
            <assign value="&amp;">
                <output path="MSH.2.ServiceString/SubComponentSeparator"/>
            </assign>
            <assign value="HI_MFN">
                <output path="MSH.3.SendingApplication/HD.1"/>
            </assign>
            <assign value="AGFA Healthcare Colombia">
                <output path="MSH.5.ReceivingApplication/HD.1"/>
            </assign>
            <customFunction lang="esql" ref="mapping:DTFormat">
                <input path="MSH_07_HIS_DATE" var="MSH_07_HIS_DATE"/>
                <output path="MSH.7.DateTimeOfMessage"/>
                <param name="FECHA" value="$MSH_07_HIS_DATE"/>
            </customFunction>
            <assign value="MFN">
                <output path="MSH.9.MessageType/MSG.1"/>
            </assign>
            <assign value="M02">
                <output path="MSH.9.MessageType/MSG.2"/>
            </assign>
            <function ref="normalize">
                <input path="MSH_10_MESS_ID" var="MSH_10_MESS_ID"/>
                <output path="MSH.10.MessageControlID"/>
                <param name="input" value="$MSH_10_MESS_ID"/>
            </function>
            <assign value="2.4">
                <output path="MSH.12.VersionID/VID.1"/>
            </assign>
            <assign>
                <output path="MSH.11.ProcessingID/PT.1"/>
            </assign>
            <assign value="CO">
                <output path="MSH.17.CountryCode"/>
            </assign>
            <assign value="8859/1">
                <output path="MSH.18.CharacterSet"/>
            </assign>
            <assign>
                <output path="MSH.9.MessageType/MSG.3"/>
            </assign>
        </local>
        <local>
            <input path="$ComIbmMessageAssembly_AGFA_MFN/AGFA_MFN"/>
            <output path="$ComIbmMessageAssembly_INRISMFN/INRISMFN/MFI"/>
            <assign value="PRA">
                <output path="MFI.1.MasterFileIdentifier/CWE.1"/>
            </assign>
            <assign value="UPD">
                <output path="MFI.3.FileLevelEventCode"/>
            </assign>
            <assign value="NE">
                <output path="MFI.6.ResponseLevelCode"/>
            </assign>
        </local>
        <local>
            <input path="$ComIbmMessageAssembly_AGFA_MFN/AGFA_MFN" var="AGFA_MFN3"/>
            <output path="$ComIbmMessageAssembly_INRISMFN/INRISMFN/MFE_LOOP"/>
            <local>
                <input path="$AGFA_MFN3/." var="AGFA_MFN"/>
                <output path="MFE"/>
                <condition>
                    <if>
                        <input path="$AGFA_MFN/MFE_01_TRANS_CODE" var="MFE_01_TRANS_CODE"/>
                        <output path="MFE.1.RecordLevelEventCode"/>
                        <test lang="xpath">$MFE_01_TRANS_CODE = '1'</test>
                        <assign value="MAD">
                            <output path="."/>
                        </assign>
                    </if>
                    <elseif>
                        <input path="$AGFA_MFN/MFE_01_TRANS_CODE" var="MFE_01_TRANS_CODE1"/>
                        <output path="MFE.1.RecordLevelEventCode"/>
                        <test lang="xpath">$MFE_01_TRANS_CODE1 = '2'</test>
                        <assign value="MDL">
                            <output path="."/>
                        </assign>
                    </elseif>
                    <elseif>
                        <input path="$AGFA_MFN/MFE_01_TRANS_CODE" var="MFE_01_TRANS_CODE2"/>
                        <output path="MFE.1.RecordLevelEventCode"/>
                        <test lang="xpath">$MFE_01_TRANS_CODE2 = '3'</test>
                        <assign value="MUP">
                            <output path="."/>
                        </assign>
                    </elseif>
                    <elseif>
                        <input path="$AGFA_MFN/MFE_01_TRANS_CODE" var="MFE_01_TRANS_CODE3"/>
                        <output path="MFE.1.RecordLevelEventCode"/>
                        <test lang="xpath">$MFE_01_TRANS_CODE3 = '4'</test>
                        <assign value="MDC">
                            <output path="."/>
                        </assign>
                    </elseif>
                    <elseif>
                        <input path="$AGFA_MFN/MFE_01_TRANS_CODE" var="MFE_01_TRANS_CODE4"/>
                        <output path="MFE.1.RecordLevelEventCode"/>
                        <test lang="xpath">$MFE_01_TRANS_CODE4 = '5'</test>
                        <assign value="MAC">
                            <output path="."/>
                        </assign>
                    </elseif>
                    <else>
                        <output path="MFE.1.RecordLevelEventCode"/>
                        <assign>
                            <output path="."/>
                        </assign>
                    </else>
                </condition>
                <function ref="normalize">
                    <input path="$AGFA_MFN/STF_01_HIS_CODE" var="STF_01_HIS_CODE"/>
                    <output path="MFE.4.PrimaryKeyValueMFE"/>
                    <param name="input" value="$STF_01_HIS_CODE"/>
                </function>
                <assign>
                    <output path="MFE.5.PrimaryKeyValueType"/>
                </assign>
            </local>
            <local>
                <input path="$AGFA_MFN3/." var="AGFA_MFN1"/>
                <output path="STF"/>
                <function ref="normalize">
                    <input path="$AGFA_MFN1/STF_01_HIS_CODE" var="STF_01_HIS_CODE1"/>
                    <output path="STF.1.PrimaryKeyValueSTF/CWE.1"/>
                    <param name="input" value="$STF_01_HIS_CODE1"/>
                </function>
                <function ref="normalize">
                    <input path="$AGFA_MFN1/STF_03_01_LAST_NAME" var="STF_03_01_LAST_NAME"/>
                    <output path="STF.3.StaffName/XPN.2"/>
                    <param name="input" value="$STF_03_01_LAST_NAME"/>
                </function>
                <function ref="normalize">
                    <input path="$AGFA_MFN1/STF_03_02_FIRST_NAME" var="STF_03_02_FIRST_NAME"/>
                    <output path="STF.3.StaffName/XPN.3"/>
                    <param name="input" value="$STF_03_02_FIRST_NAME"/>
                </function>
                <function ref="normalize">
                    <input path="$AGFA_MFN1/STF_10_01_PHONE1" var="STF_10_01_PHONE1"/>
                    <output path="STF.10.Phone/XTN.1"/>
                    <param name="input" value="$STF_10_01_PHONE1"/>
                </function>
                <function ref="normalize">
                    <input path="$AGFA_MFN1/STF_10_02_PHONE2" var="STF_10_02_PHONE2"/>
                    <output path="STF.10.Phone/XTN.2"/>
                    <param name="input" value="$STF_10_02_PHONE2"/>
                </function>
                <function ref="normalize">
                    <input path="$AGFA_MFN1/STF_10_03_EMAIL" var="STF_10_03_EMAIL"/>
                    <output path="STF.10.Phone/XTN.4"/>
                    <param name="input" value="$STF_10_03_EMAIL"/>
                </function>
                <function ref="normalize">
                    <input path="$AGFA_MFN1/STF_11_ADDRESS" var="STF_11_ADDRESS1"/>
                    <output path="STF.11.OfficeHomeAddress/XAD.1/SAD.1"/>
                    <param name="input" value="$STF_11_ADDRESS1"/>
                </function>
            </local>
            <local>
                <input path="$AGFA_MFN3/." var="AGFA_MFN2"/>
                <output path="PRA"/>
                <function ref="normalize">
                    <input path="$AGFA_MFN2/PRA_05_SPECIALTY" var="PRA_05_SPECIALTY"/>
                    <output path="PRA.5.Specialty/SPD.1"/>
                    <param name="input" value="$PRA_05_SPECIALTY"/>
                </function>
                <function ref="normalize">
                    <input path="$AGFA_MFN2/PRA_09_INSTITUTION" var="PRA_09_INSTITUTION"/>
                    <output path="PRA.10.DateLeftPractice"/>
                    <param name="input" value="$PRA_09_INSTITUTION"/>
                </function>
            </local>
        </local>
    </mappingDeclaration>
</mappingRoot>