<?xml version="1.0" encoding="UTF-8"?><mappingRoot xmlns="http://www.ibm.com/2008/ccl/Mapping" domainID="com.ibm.msl.mapping.xml" domainIDExtension="mb" mainMap="true" targetNamespace="default" version="8.0.5.0" xmlns:map="default">
    <input path="/RIS_ADT_SpecificMessageSet/sisips/admsalud/HIS_ADTTable_RIS.mxsd"/>
    <output path="mbsharedlib://HL7-2.7/FSFB_HL7.xsd"/>
    <imports>
        <import kind="esql" namespace="/UTILS/mapping.esql"/>
    </imports>
    <namespaces>
        <namespace kind="supplement" prefix="in" uri="http://sisips/admsalud"/>
        <namespace kind="supplement" prefix="out" uri="urn:hl7-org:v2xml"/>
        <namespace kind="extension" prefix="fn" uri="http://www.w3.org/2005/xpath-functions"/>
        <namespace kind="extension" prefix="mapping" uri="/UTILS/mapping.esql"/>
    </namespaces>
    <generation engine="xquery"/>
    <mappingDeclaration name="adt_RIS_HIS_to_LIS">
        <input namespace="http://sisips/admsalud" path="mb:msg(AGFA_ADT,assembly,,Properties)" var="ComIbmMessageAssembly_AGFA_ADT"/>
        <output namespace="urn:hl7-org:v2xml" path="mb:msg(ADT,assembly,DFDL,Properties)" var="ComIbmMessageAssembly_ADT"/>
        <move>
            <input path="$ComIbmMessageAssembly_AGFA_ADT/Properties"/>
            <output path="$ComIbmMessageAssembly_ADT/Properties"/>
            <override>
                <assign value="{HL7-2.7}">
                    <output path="$ComIbmMessageAssembly_ADT/Properties/MessageSet"/>
                </assign>
                <assign value="{urn:hl7-org:v2xml}:ADT">
                    <output path="$ComIbmMessageAssembly_ADT/Properties/MessageType"/>
                </assign>
            </override>
        </move>
        <local>
            <input path="$ComIbmMessageAssembly_AGFA_ADT/AGFA_ADT"/>
            <output path="$ComIbmMessageAssembly_ADT/ADT/MSH"/>
            <assign value="|">
                <output path="MSH.1.FieldSeparator"/>
            </assign>
            <assign value="^">
                <output path="MSH.2.ServiceString/ComponentSeparator"/>
            </assign>
            <assign value="~">
                <output path="MSH.2.ServiceString/RepeatSeparator"/>
            </assign>
            <assign value="\">
                <output path="MSH.2.ServiceString/EscapeCharacter"/>
            </assign>
            <assign value="&amp;">
                <output path="MSH.2.ServiceString/SubComponentSeparator"/>
            </assign>
            <function ref="normalize">
                <input path="MSH_ID" var="MSH_ID"/>
                <output path="MSH.10.MessageControlID"/>
                <param name="input" value="$MSH_ID"/>
            </function>
            <assign value="CO">
                <output path="MSH.17.CountryCode"/>
            </assign>
            <assign value="8859/1">
                <output path="MSH.18.CharacterSet"/>
            </assign>
            <assign value="2.4">
                <output path="MSH.12.VersionID/VID.1"/>
            </assign>
            <assign value="ADT">
                <output path="MSH.9.MessageType/MSG.1"/>
            </assign>
            <function ref="normalize">
                <input path="EVN_TYPECODE" var="EVN_TYPECODE"/>
                <output path="MSH.9.MessageType/MSG.2"/>
                <param name="input" value="$EVN_TYPECODE"/>
            </function>
            <customFunction lang="esql" ref="mapping:CurrentTimestampHL7">
                <output path="MSH.7.DateTimeOfMessage"/>
            </customFunction>
            <assign value="AGFA Healthcare Colombia">
                <output path="MSH.6.ReceivingFacility/HD.1"/>
            </assign>
            <assign value="HI_ADT">
                <output path="MSH.3.SendingApplication/HD.1"/>
            </assign>
            <assign>
                <output path="MSH.9.MessageType/MSG.3"/>
            </assign>
            <assign>
                <output path="MSH.11.ProcessingID/PT.1"/>
            </assign>
        </local>
        <local>
            <input path="$ComIbmMessageAssembly_AGFA_ADT/AGFA_ADT"/>
            <output path="$ComIbmMessageAssembly_ADT/ADT/EVN"/>
            <function ref="normalize">
                <input path="EVN_TYPECODE" var="EVN_TYPECODE1"/>
                <output path="EVN.1.EventTypeCode"/>
                <param name="input" value="$EVN_TYPECODE1"/>
            </function>
            <customFunction lang="esql" ref="mapping:CurrentTimestampHL7">
                <output path="EVN.3.DateTimePlannedEvent"/>
            </customFunction>
            <customFunction lang="esql" ref="mapping:CurrentTimestampHL7">
                <output path="EVN.2.RecordedDateTime"/>
            </customFunction>
        </local>
        <local>
            <input path="$ComIbmMessageAssembly_AGFA_ADT/AGFA_ADT"/>
            <output path="$ComIbmMessageAssembly_ADT/ADT/PID"/>
            <function ref="normalize">
                <input path="PID_ID" var="PID_ID"/>
                <output path="PID.4.AlternatePatientIDPID/CX.1"/>
                <param name="input" value="$PID_ID"/>
            </function>
            <function ref="normalize">
                <input path="PID_SEX" var="PID_SEX"/>
                <output path="PID.8.AdministrativeSex/CWE.1"/>
                <param name="input" value="$PID_SEX"/>
            </function>
            <function ref="normalize">
                <input path="PID_ID2" var="PID_ID2"/>
                <output path="PID.3.PatientIdentifierList/CX.1"/>
                <param name="input" value="$PID_ID2"/>
            </function>
            <function ref="concat">
                <input path="PID_LNAMEF" var="PID_LNAMEF"/>
                <input path="PID_LNAMEM" var="PID_LNAMEM"/>
                <output path="PID.5.PatientName/XPN.1/FN.1"/>
                <param name="input" value="$PID_LNAMEF"/>
                <property key="defaultDelimiter" value=" "/>
            </function>
            <function ref="normalize">
                <input path="PID_FNAME" var="PID_FNAME"/>
                <output path="PID.5.PatientName/XPN.2"/>
                <param name="input" value="$PID_FNAME"/>
            </function>
            <customFunction lang="esql" ref="mapping:DTFormat">
                <input path="PID_DOB" var="PID_DOB"/>
                <output path="PID.7.DateTimeOfBirth"/>
                <param name="FECHA" value="$PID_DOB"/>
            </customFunction>
            <function ref="normalize">
                <input path="PID_STREET" var="PID_STREET"/>
                <output path="PID.11.PatientAddress/XAD.1/SAD.1"/>
                <param name="input" value="$PID_STREET"/>
            </function>
            <function ref="normalize">
                <input path="PID_NATIONALITY" var="PID_NATIONALITY"/>
                <output path="PID.11.PatientAddress/XAD.6"/>
                <param name="input" value="$PID_NATIONALITY"/>
            </function>
            <assign value="P">
                <output path="PID.11.PatientAddress/XAD.7"/>
            </assign>
            <function ref="normalize">
                <input path="PID_PHONE" var="PID_PHONE"/>
                <output path="PID.13.PhoneNumberHome/XTN.1"/>
                <param name="input" value="$PID_PHONE"/>
            </function>
            <function ref="normalize">
                <input path="PID_MARITSTAT" var="PID_MARITSTAT"/>
                <output path="PID.16.MaritalStatus/CWE.1"/>
                <param name="input" value="$PID_MARITSTAT"/>
            </function>
            <customFunction lang="esql" ref="mapping:DTFormat">
                <input path="PID_DOD" var="PID_DOD"/>
                <output path="PID.29.PatientDeathDateandTime"/>
                <param name="FECHA" value="$PID_DOD"/>
            </customFunction>
            <function ref="normalize">
                <input path="PID_ID2" var="PID_ID21"/>
                <output path="PID.2.PatientID/CX.1"/>
                <param name="input" value="$PID_ID21"/>
            </function>
            <function ref="normalize">
                <input path="DONURL" var="DONURL"/>
                <output path="PID.13.PhoneNumberHome/XTN.4"/>
                <param name="input" value="$DONURL"/>
            </function>
            <function ref="normalize">
                <input path="CELULAR" var="CELULAR"/>
                <output path="PID.14.PhoneNumberBusiness/XTN.1"/>
                <param name="input" value="$CELULAR"/>
            </function>
        </local>
        <local>
            <input path="$ComIbmMessageAssembly_AGFA_ADT/AGFA_ADT"/>
            <output path="$ComIbmMessageAssembly_ADT/ADT/PV1"/>
            <assign value="1">
                <output path="PV1.1.SetIDPV1"/>
            </assign>
            <function ref="normalize">
                <input path="PV1_STATUS" var="PV1_STATUS3"/>
                <output path="PV1.2.PatientClass/CWE.1"/>
                <param name="input" value="$PV1_STATUS3"/>
            </function>
            <condition>
                <if>
                    <input path="PV1_STATUS" var="PV1_STATUS"/>
                    <output path="PV1.4.AdmissionType/CWE.1"/>
                    <test lang="xpath">$PV1_STATUS = 'O'</test>
                    <assign value="R">
                        <output path="."/>
                    </assign>
                </if>
                <elseif>
                    <input path="PV1_STATUS" var="PV1_STATUS1"/>
                    <output path="PV1.4.AdmissionType/CWE.1"/>
                    <test lang="xpath">$PV1_STATUS1 = 'I'</test>
                    <assign value="H">
                        <output path="."/>
                    </assign>
                </elseif>
                <else>
                    <output path="PV1.4.AdmissionType/CWE.1"/>
                    <assign>
                        <output path="."/>
                    </assign>
                </else>
            </condition>
            <function ref="normalize">
                <input path="PV1_STATUS" var="PV1_STATUS2"/>
                <output path="PV1.18.PatientType/CWE.1"/>
                <param name="input" value="$PV1_STATUS2"/>
            </function>
            <function ref="normalize">
                <input path="PV1_LOCATION" var="PV1_LOCATION"/>
                <output path="PV1.3.AssignedPatientLocation/PL.1/HD.1"/>
                <param name="input" value="$PV1_LOCATION"/>
            </function>
            <function ref="normalize">
                <input path="PV1_ROOM" var="PV1_ROOM"/>
                <output path="PV1.3.AssignedPatientLocation/PL.2/HD.1"/>
                <param name="input" value="$PV1_ROOM"/>
            </function>
            <function ref="normalize">
                <input path="PV1_BED" var="PV1_BED"/>
                <output path="PV1.3.AssignedPatientLocation/PL.3/HD.1"/>
                <param name="input" value="$PV1_BED"/>
            </function>
            <function ref="normalize">
                <input path="PV1_ATTDOC" var="PV1_ATTDOC"/>
                <output path="PV1.7.AttendingDoctor/XCN.1"/>
                <param name="input" value="$PV1_ATTDOC"/>
            </function>
            <move>
                <input path="PV1_VISITNR" var="PV1_VISITNR"/>
                <output path="PV1.19.VisitNumber/CX.1"/>
            </move>
            <customFunction lang="esql" ref="mapping:DTFormat">
                <input path="PV1_ADMITDATE" var="PV1_ADMITDATE"/>
                <output path="PV1.44.AdmitDateTime"/>
                <param name="FECHA" value="$PV1_ADMITDATE"/>
            </customFunction>
            <customFunction lang="esql" ref="mapping:DTFormat">
                <input path="PV1_DISCHARGEDATE" var="PV1_DISCHARGEDATE"/>
                <output path="PV1.45.DischargeDateTime"/>
                <param name="FECHA" value="$PV1_DISCHARGEDATE"/>
            </customFunction>
        </local>
    </mappingDeclaration>
</mappingRoot>